###############################################################################
#
# IAR ELF Linker V2.10.4.157 for STM8                     06/Nov/2017  18:28:51
# Copyright 2010-2015 IAR Systems AB.
#
#    Output file  =  
#        F:\git\stm8L_ContikiDemo\Project\IAR\Debug\Exe\templproj.out
#    Map file     =  
#        F:\git\stm8L_ContikiDemo\Project\IAR\Debug\List\templproj.map
#    Command line =  
#        F:\git\stm8L_ContikiDemo\Project\IAR\Debug\Obj\arg.o
#        F:\git\stm8L_ContikiDemo\Project\IAR\Debug\Obj\assert.o
#        F:\git\stm8L_ContikiDemo\Project\IAR\Debug\Obj\autostart.o
#        F:\git\stm8L_ContikiDemo\Project\IAR\Debug\Obj\checkpoint.o
#        F:\git\stm8L_ContikiDemo\Project\IAR\Debug\Obj\Chip.o
#        F:\git\stm8L_ContikiDemo\Project\IAR\Debug\Obj\clock.o
#        F:\git\stm8L_ContikiDemo\Project\IAR\Debug\Obj\compower.o
#        F:\git\stm8L_ContikiDemo\Project\IAR\Debug\Obj\crc16.o
#        F:\git\stm8L_ContikiDemo\Project\IAR\Debug\Obj\ctimer.o
#        F:\git\stm8L_ContikiDemo\Project\IAR\Debug\Obj\Dbg.o
#        F:\git\stm8L_ContikiDemo\Project\IAR\Debug\Obj\DebugPort.o
#        F:\git\stm8L_ContikiDemo\Project\IAR\Debug\Obj\Demo.o
#        F:\git\stm8L_ContikiDemo\Project\IAR\Debug\Obj\energest.o
#        F:\git\stm8L_ContikiDemo\Project\IAR\Debug\Obj\etimer.o
#        F:\git\stm8L_ContikiDemo\Project\IAR\Debug\Obj\gcr.o
#        F:\git\stm8L_ContikiDemo\Project\IAR\Debug\Obj\ifft.o
#        F:\git\stm8L_ContikiDemo\Project\IAR\Debug\Obj\Key.o
#        F:\git\stm8L_ContikiDemo\Project\IAR\Debug\Obj\libconio.o
#        F:\git\stm8L_ContikiDemo\Project\IAR\Debug\Obj\list.o
#        F:\git\stm8L_ContikiDemo\Project\IAR\Debug\Obj\main.o
#        F:\git\stm8L_ContikiDemo\Project\IAR\Debug\Obj\me.o
#        F:\git\stm8L_ContikiDemo\Project\IAR\Debug\Obj\me_tabs.o
#        F:\git\stm8L_ContikiDemo\Project\IAR\Debug\Obj\memb.o
#        F:\git\stm8L_ContikiDemo\Project\IAR\Debug\Obj\mmem.o
#        F:\git\stm8L_ContikiDemo\Project\IAR\Debug\Obj\Monitor.o
#        F:\git\stm8L_ContikiDemo\Project\IAR\Debug\Obj\petsciiconv.o
#        F:\git\stm8L_ContikiDemo\Project\IAR\Debug\Obj\print-stats.o
#        F:\git\stm8L_ContikiDemo\Project\IAR\Debug\Obj\process.o
#        F:\git\stm8L_ContikiDemo\Project\IAR\Debug\Obj\procinit.o
#        F:\git\stm8L_ContikiDemo\Project\IAR\Debug\Obj\profile.o
#        F:\git\stm8L_ContikiDemo\Project\IAR\Debug\Obj\random.o
#        F:\git\stm8L_ContikiDemo\Project\IAR\Debug\Obj\ringbuf.o
#        F:\git\stm8L_ContikiDemo\Project\IAR\Debug\Obj\rtimer-arch.o
#        F:\git\stm8L_ContikiDemo\Project\IAR\Debug\Obj\rtimer.o
#        F:\git\stm8L_ContikiDemo\Project\IAR\Debug\Obj\sensors.o
#        F:\git\stm8L_ContikiDemo\Project\IAR\Debug\Obj\settings.o
#        F:\git\stm8L_ContikiDemo\Project\IAR\Debug\Obj\SHT1x.o
#        F:\git\stm8L_ContikiDemo\Project\IAR\Debug\Obj\stimer.o
#        F:\git\stm8L_ContikiDemo\Project\IAR\Debug\Obj\stm8l15x_clk.o
#        F:\git\stm8L_ContikiDemo\Project\IAR\Debug\Obj\stm8l15x_dma.o
#        F:\git\stm8L_ContikiDemo\Project\IAR\Debug\Obj\stm8l15x_exti.o
#        F:\git\stm8L_ContikiDemo\Project\IAR\Debug\Obj\stm8l15x_flash.o
#        F:\git\stm8L_ContikiDemo\Project\IAR\Debug\Obj\stm8l15x_gpio.o
#        F:\git\stm8L_ContikiDemo\Project\IAR\Debug\Obj\stm8l15x_it.o
#        F:\git\stm8L_ContikiDemo\Project\IAR\Debug\Obj\stm8l15x_itc.o
#        F:\git\stm8L_ContikiDemo\Project\IAR\Debug\Obj\stm8l15x_iwdg.o
#        F:\git\stm8L_ContikiDemo\Project\IAR\Debug\Obj\stm8l15x_rst.o
#        F:\git\stm8L_ContikiDemo\Project\IAR\Debug\Obj\stm8l15x_rtc.o
#        F:\git\stm8L_ContikiDemo\Project\IAR\Debug\Obj\stm8l15x_spi.o
#        F:\git\stm8L_ContikiDemo\Project\IAR\Debug\Obj\stm8l15x_tim1.o
#        F:\git\stm8L_ContikiDemo\Project\IAR\Debug\Obj\stm8l15x_tim5.o
#        F:\git\stm8L_ContikiDemo\Project\IAR\Debug\Obj\stm8l15x_usart.o
#        F:\git\stm8L_ContikiDemo\Project\IAR\Debug\Obj\strncasecmp.o
#        F:\git\stm8L_ContikiDemo\Project\IAR\Debug\Obj\timer.o
#        F:\git\stm8L_ContikiDemo\Project\IAR\Debug\Obj\timetable-aggregate.o
#        F:\git\stm8L_ContikiDemo\Project\IAR\Debug\Obj\timetable.o
#        F:\git\stm8L_ContikiDemo\Project\IAR\Debug\Obj\trickle-timer.o
#        F:\git\stm8L_ContikiDemo\Project\IAR\Debug\Obj\Util.o
#        F:\git\stm8L_ContikiDemo\Project\IAR\Debug\Obj\Wdg.o --redirect
#        _Printf=_PrintfFullNoMb --redirect _Scanf=_ScanfFullNoMb -o
#        F:\git\stm8L_ContikiDemo\Project\IAR\Debug\Exe\templproj.out --map
#        F:\git\stm8L_ContikiDemo\Project\IAR\Debug\List\templproj.map --config
#        "E:\Program Files (x86)\IAR Systems\Embedded Workbench
#        7.0\stm8\config\lnkstm8l151c8.icf" --config_def _CSTACK_SIZE=0x100
#        --config_def _HEAP_SIZE=0x100 --entry __iar_program_start --debug_lib
#
###############################################################################

*******************************************************************************
*** RUNTIME MODEL ATTRIBUTES
***

__SystemLibrary            = DLib
__code_model               = medium_or_large
__core                     = stm8
__data_model               = large
__dlib_file_descriptor     = 0
__dlib_full_locale_support = 0
__rt_version               = 4


*******************************************************************************
*** PLACEMENT SUMMARY
***

"A1":  place at start of [0x000000-0x0000ff] { rw section .vregs };
"A2":  place at end of [0x000000-0x000fff] { block CSTACK };
"P2":  place in [from 0x000000 to 0x000fff] {
          block HEAP, rw section __DLIB_PERTHREAD, rw section .far.bss,
          rw section .far.data, rw section .far.noinit,
          rw section .far_func.textrw, rw section .huge.bss,
          rw section .huge.data, rw section .huge.noinit,
          rw section .huge_func.textrw, rw section .iar.dynexit,
          rw section .near.bss, rw section .near.data, rw section .near.noinit,
          rw section .near_func.textrw };
"A3":  place at start of [0x008000-0x00ffff] { block INTVEC };
"P3":  place in [from 0x008000 to 0x00ffff] {
          ro section __DLIB_PERTHREAD_init, ro section .far.data_init,
          ro section .far_func.textrw_init, ro section .huge.data_init,
          ro section .huge_func.textrw_init, ro section .iar.init_table,
          ro section .init_array, ro section .near.data_init,
          ro section .near.rodata, ro section .near_func.text,
          ro section .near_func.textrw_init, ro section .tiny.data_init,
          ro section .tiny.rodata_init };
"P4":  place in [from 0x008000 to 0x00ffff repeat 2] {
          ro section .far.rodata, ro section .far_func.text };
"P5":  place in [from 0x008000 to 0x017fff] {
          ro section .huge.rodata, ro section .huge_func.text };

  Section            Kind      Address    Size  Object
  -------            ----      -------    ----  ------
"A1":                                     0x10
  .vregs             uninit   0x000000    0x10  vregs.o [4]
                            - 0x000010    0x10

"P2":                                    0x38e
  P2 s0                       0x000010    0x2a  <Init block>
    .near.data       inited   0x000010     0xd  Demo.o [1]
    .near.data       inited   0x00001d     0xd  etimer.o [1]
    .near.data       inited   0x00002a     0xd  Monitor.o [1]
    .near.data       inited   0x000037     0x2  clock.o [1]
    .near.data       inited   0x000039     0x1  Dbg.o [1]
  .near.bss          zero     0x00003a   0x106  DebugPort.o [1]
  .near.bss          zero     0x000140    0xe0  process.o [1]
  .near.bss          zero     0x000220    0x80  Dbg.o [1]
  .near.bss          zero     0x0002a0    0x44  DebugPort.o [1]
  .near.bss          zero     0x0002e4    0x30  energest.o [1]
  .near.bss          zero     0x000314    0x30  Monitor.o [1]
  .near.bss          zero     0x000344    0x18  energest.o [1]
  .near.bss          zero     0x00035c     0xc  energest.o [1]
  .near.bss          zero     0x000368     0xa  Demo.o [1]
  .near.bss          zero     0x000372     0x4  Chip.o [1]
  .near.bss          zero     0x000376     0x4  clock.o [1]
  .near.bss          zero     0x00037a     0x3  etimer.o [1]
  .near.bss          zero     0x00037d     0x3  process.o [1]
  .near.bss          zero     0x000380     0x3  process.o [1]
  .near.bss          zero     0x000383     0x3  process.o [1]
  .near.bss          zero     0x000386     0x3  process.o [1]
  .near.bss          zero     0x000389     0x3  process.o [1]
  .near.bss          zero     0x00038c     0x3  rtimer.o [1]
  .near.bss          zero     0x00038f     0x2  clock.o [1]
  .near.bss          zero     0x000391     0x2  energest.o [1]
  .near.bss          zero     0x000393     0x2  etimer.o [1]
  .near.bss          zero     0x000395     0x2  errno.o [4]
  .near.bss          zero     0x000397     0x1  DebugPort.o [1]
  .near.bss          zero     0x000398     0x1  process.o [1]
  .near.bss          zero     0x000399     0x1  process.o [1]
  .near.bss          zero     0x00039a     0x1  process.o [1]
  .near.bss          zero     0x00039b     0x1  process.o [1]
  .near.bss          zero     0x00039c     0x1  process.o [1]
  .near.bss          zero     0x00039d     0x1  process.o [1]
                            - 0x00039e   0x38e

"A2":                                    0x100
  CSTACK                      0x000f00   0x100  <Block>
    CSTACK           uninit   0x000f00   0x100  <Block tail>
                            - 0x001000   0x100

"A3":                                     0x80
  INTVEC                      0x008000    0x80  <Block>
    .intvec          const    0x008000    0x80  interrupt.o [4]
                            - 0x008080    0x80

"P3":                                     0x3f
  .iar.init_table    const    0x008080    0x15  - Linker created -
  Initializer bytes  const    0x008095    0x2a  <for P2 s0>
                            - 0x0080bf    0x3f

"P4":                                   0x2f15
  .far_func.text     ro code  0x0080bf   0x7c1  xprintffull_nomb.o [4]
  .far_func.text     ro code  0x008880   0x5d1  xprintffull_nomb.o [4]
  .far_func.text     ro code  0x008e51   0x539  xprintffull_nomb.o [4]
  .far_func.text     ro code  0x00938a   0x4a1  float.o [4]
  .far_func.text     ro code  0x00982b   0x229  vreg_util.o [4]
  .far_func.text     ro code  0x009a54   0x20a  xprintffull_nomb.o [4]
  .far_func.text     ro code  0x009c5e   0x1d5  long.o [4]
  .far_func.text     ro code  0x009e33   0x1cc  float_libsup.o [4]
  .far_func.text     ro code  0x009fff   0x1c9  xlog.o [4]
  .far_func.text     ro code  0x00a1c8    0xaa  long_util.o [4]
  .far_func.text     ro code  0x00a272    0x96  far_util.o [4]
  .far_func.text     ro code  0x00a308    0x7d  vsnprint.o [4]
  .far_func.text     ro code  0x00a385    0x76  xprintffull_nomb.o [4]
  .far_func.text     ro code  0x00a3fb    0x69  xsnprout.o [4]
  .far_func.text     ro code  0x00a464    0x61  xprintffull_nomb.o [4]
  .far_func.text     ro code  0x00a4c5    0x58  dc_util.o [4]
  .far_func.text     ro code  0x00a51d    0x56  short.o [4]
  .far_func.text     ro code  0x00a573    0x51  xprintffull_nomb.o [4]
  .far_func.text     ro code  0x00a5c4    0x4c  xprintffull_nomb.o [4]
  .far_func.text     ro code  0x00a610    0x4b  xprintffull_nomb.o [4]
  .far_func.text     ro code  0x00a65b    0x43  div.o [4]
  .far_func.text     ro code  0x00a69e    0x42  init.o [4]
  .far_func.text     ro code  0x00a6e0    0x39  strcat.o [4]
  .far_func.text     ro code  0x00a719    0x37  strcmp.o [4]
  .far.rodata        const    0x00a750    0x36  Monitor.o [1]
  .far.rodata        const    0x00a786    0x33  DebugPort.o [1]
  .far.rodata        const    0x00a7b9    0x33  Demo.o [1]
  .far.rodata        const    0x00a7ec    0x33  Util.o [1]
  .far.rodata        const    0x00a81f    0x32  Dbg.o [1]
  .far_func.text     ro code  0x00a851    0x31  memcpy.o [4]
  .far.rodata        const    0x00a882    0x2a  Demo.o [1]
  .far_func.text     ro code  0x00a8ac    0x2a  init.o [4]
  .far_func.text     ro code  0x00a8d6    0x28  strcpy.o [4]
  .far.rodata        const    0x00a8fe    0x27  Dbg.o [1]
  .far_func.text     ro code  0x00a925    0x25  xlog.o [4]
  .far_func.text     ro code  0x00a94a    0x24  xprintffull_nomb.o [4]
  .far_func.text     ro code  0x00a96e    0x23  strchr.o [4]
  .far_func.text     ro code  0x00a991    0x22  memchr.o [4]
  .far.rodata        const    0x00a9b3    0x1f  Monitor.o [1]
  .far.rodata        const    0x00a9d2    0x1e  Monitor.o [1]
  .far_func.text     ro code  0x00a9f0    0x1e  init.o [4]
  .far_func.text     ro code  0x00aa0e    0x1e  xprintffull_nomb.o [4]
  .far_func.text     ro code  0x00aa2c    0x1c  xprintffull_nomb.o [4]
  .far_func.text     ro code  0x00aa48    0x1b  strlen.o [4]
  .far_func.text     ro code  0x00aa63    0x1a  __dbg_xxexit.o [3]
  .far_func.text     ro code  0x00aa7d    0x17  cstartup.o [4]
  .far_func.text     ro code  0x00aa94    0x17  xprintffull_nomb.o [4]
  .far_func.text     ro code  0x00aaab    0x16  xprintffull_nomb.o [4]
  .far_func.text     ro code  0x00aac1    0x16  xsnprout.o [4]
  .far_func.text     ro code  0x00aad7    0x16  xlog.o [4]
  .far_func.text     ro code  0x00aaed    0x14  xprintffull_nomb.o [4]
  .far_func.text     ro code  0x00ab01    0x14  xprintffull_nomb.o [4]
  .far.rodata        const    0x00ab15    0x13  Demo.o [1]
  .far_func.text     ro code  0x00ab28    0x13  xprintffull_nomb.o [4]
  .far.rodata        const    0x00ab3b    0x12  Demo.o [1]
  .far.rodata        const    0x00ab4d    0x12  Monitor.o [1]
  .far_func.text     ro code  0x00ab5f    0x12  move.o [4]
  .far_func.text     ro code  0x00ab71    0x11  __dbg_abort.o [3]
  .far.rodata        const    0x00ab82    0x10  Monitor.o [1]
  .far_func.text     ro code  0x00ab92    0x10  xprintffull_nomb.o [4]
  .far_func.text     ro code  0x00aba2    0x10  xprintffull_nomb.o [4]
  .far_func.text     ro code  0x00abb2    0x10  xprintffull_nomb.o [4]
  .far_func.text     ro code  0x00abc2    0x10  xsnprout.o [4]
  .far.rodata        const    0x00abd2     0xf  Dbg.o [1]
  .far_func.text     ro code  0x00abe1     0xf  xprintffull_nomb.o [4]
  .far_func.text     ro code  0x00abf0     0xf  xprintffull_nomb.o [4]
  .far_func.text     ro code  0x00abff     0xf  xprintffull_nomb.o [4]
  .far_func.text     ro code  0x00ac0e     0xf  xprintffull_nomb.o [4]
  .far_func.text     ro code  0x00ac1d     0xf  xprintffull_nomb.o [4]
  .far_func.text     ro code  0x00ac2c     0xf  xprintffull_nomb.o [4]
  .far_func.text     ro code  0x00ac3b     0xf  xprintffull_nomb.o [4]
  .far_func.text     ro code  0x00ac4a     0xf  xprintffull_nomb.o [4]
  .far_func.text     ro code  0x00ac59     0xf  xprintffull_nomb.o [4]
  .far_func.text     ro code  0x00ac68     0xf  xprintffull_nomb.o [4]
  .far_func.text     ro code  0x00ac77     0xe  xprintffull_nomb.o [4]
  .far_func.text     ro code  0x00ac85     0xe  xprintffull_nomb.o [4]
  .far_func.text     ro code  0x00ac93     0xe  xprintffull_nomb.o [4]
  .far.rodata        const    0x00aca1     0xd  Demo.o [1]
  .far_func.text     ro code  0x00acae     0xd  xprintffull_nomb.o [4]
  .far_func.text     ro code  0x00acbb     0xd  xprintffull_nomb.o [4]
  .far_func.text     ro code  0x00acc8     0xd  xprintffull_nomb.o [4]
  .far_func.text     ro code  0x00acd5     0xd  xprintffull_nomb.o [4]
  .far_func.text     ro code  0x00ace2     0xd  xprintffull_nomb.o [4]
  .far_func.text     ro code  0x00acef     0xd  xprintffull_nomb.o [4]
  .far_func.text     ro code  0x00acfc     0xd  xprintffull_nomb.o [4]
  .far.rodata        const    0x00ad09     0xc  etimer.o [1]
  .far.rodata        const    0x00ad15     0xc  Monitor.o [1]
  .far_func.text     ro code  0x00ad21     0xc  xprintffull_nomb.o [4]
  .far_func.text     ro code  0x00ad2d     0xc  xprintffull_nomb.o [4]
  .far_func.text     ro code  0x00ad39     0xc  xprintffull_nomb.o [4]
  .far_func.text     ro code  0x00ad45     0xc  xprintffull_nomb.o [4]
  .far_func.text     ro code  0x00ad51     0xc  xprintffull_nomb.o [4]
  .far_func.text     ro code  0x00ad5d     0xc  xprintffull_nomb.o [4]
  .far_func.text     ro code  0x00ad69     0xc  xprintffull_nomb.o [4]
  .far_func.text     ro code  0x00ad75     0xc  xprintffull_nomb.o [4]
  .far_func.text     ro code  0x00ad81     0xc  xprintffull_nomb.o [4]
  .far_func.text     ro code  0x00ad8d     0xc  xprintffull_nomb.o [4]
  .far_func.text     ro code  0x00ad99     0xc  xlog.o [4]
  .far.rodata        const    0x00ada5     0xb  Monitor.o [1]
  .far.rodata        const    0x00adb0     0xb  Monitor.o [1]
  .far_func.text     ro code  0x00adbb     0xb  xprintffull_nomb.o [4]
  .far_func.text     ro code  0x00adc6     0xb  xprintffull_nomb.o [4]
  .far_func.text     ro code  0x00add1     0xb  xprintffull_nomb.o [4]
  .far_func.text     ro code  0x00addc     0xb  xprintffull_nomb.o [4]
  .far_func.text     ro code  0x00ade7     0xb  xprintffull_nomb.o [4]
  .far_func.text     ro code  0x00adf2     0xb  xprintffull_nomb.o [4]
  .far_func.text     ro code  0x00adfd     0xb  xprintffull_nomb.o [4]
  .far_func.text     ro code  0x00ae08     0xb  xsnprout.o [4]
  .far_func.text     ro code  0x00ae13     0xb  init.o [4]
  .far_func.text     ro code  0x00ae1e     0xa  far.o [4]
  .far_func.text     ro code  0x00ae28     0xa  xprintffull_nomb.o [4]
  .far_func.text     ro code  0x00ae32     0xa  xprintffull_nomb.o [4]
  .far_func.text     ro code  0x00ae3c     0xa  xprintffull_nomb.o [4]
  .far_func.text     ro code  0x00ae46     0x9  xprintffull_nomb.o [4]
  .far_func.text     ro code  0x00ae4f     0x9  xprintffull_nomb.o [4]
  .far_func.text     ro code  0x00ae58     0x9  xprintffull_nomb.o [4]
  .far_func.text     ro code  0x00ae61     0x9  xprintffull_nomb.o [4]
  .far_func.text     ro code  0x00ae6a     0x9  xprintffull_nomb.o [4]
  .far_func.text     ro code  0x00ae73     0x9  xprintffull_nomb.o [4]
  .far_func.text     ro code  0x00ae7c     0x9  xprintffull_nomb.o [4]
  .far_func.text     ro code  0x00ae85     0x9  xprintffull_nomb.o [4]
  .far_func.text     ro code  0x00ae8e     0x9  xprintffull_nomb.o [4]
  .far_func.text     ro code  0x00ae97     0x9  xprintffull_nomb.o [4]
  .far_func.text     ro code  0x00aea0     0x9  xprintffull_nomb.o [4]
  .far_func.text     ro code  0x00aea9     0x9  xprintffull_nomb.o [4]
  .far.rodata        const    0x00aeb2     0x8  Monitor.o [1]
  .far_func.text     ro code  0x00aeba     0x8  xprintffull_nomb.o [4]
  .far_func.text     ro code  0x00aec2     0x8  xprintffull_nomb.o [4]
  .far_func.text     ro code  0x00aeca     0x8  xprintffull_nomb.o [4]
  .far_func.text     ro code  0x00aed2     0x8  xprintffull_nomb.o [4]
  .far_func.text     ro code  0x00aeda     0x8  xprintffull_nomb.o [4]
  .far.rodata        const    0x00aee2     0x7  Monitor.o [1]
  .far.rodata        const    0x00aee9     0x7  xprintffull_nomb.o [4]
  .far_func.text     ro code  0x00aef0     0x7  xprintffull_nomb.o [4]
  .far_func.text     ro code  0x00aef7     0x7  xprintffull_nomb.o [4]
  .far_func.text     ro code  0x00aefe     0x7  xprintffull_nomb.o [4]
  .far_func.text     ro code  0x00af05     0x7  xprintffull_nomb.o [4]
  .far_func.text     ro code  0x00af0c     0x7  xprintffull_nomb.o [4]
  .far_func.text     ro code  0x00af13     0x7  xprintffull_nomb.o [4]
  .far_func.text     ro code  0x00af1a     0x7  xprintffull_nomb.o [4]
  .far_func.text     ro code  0x00af21     0x7  xprintffull_nomb.o [4]
  .far_func.text     ro code  0x00af28     0x7  xprintffull_nomb.o [4]
  .far_func.text     ro code  0x00af2f     0x7  xprintffull_nomb.o [4]
  .far_func.text     ro code  0x00af36     0x7  xprintffull_nomb.o [4]
  .far_func.text     ro code  0x00af3d     0x7  xprintffull_nomb.o [4]
  .far_func.text     ro code  0x00af44     0x7  xprintffull_nomb.o [4]
  .far_func.text     ro code  0x00af4b     0x7  xprintffull_nomb.o [4]
  .far_func.text     ro code  0x00af52     0x7  xprintffull_nomb.o [4]
  .far_func.text     ro code  0x00af59     0x6  log10.o [4]
  .far_func.text     ro code  0x00af5f     0x6  xprintffull_nomb.o [4]
  .far_func.text     ro code  0x00af65     0x6  xprintffull_nomb.o [4]
  .far_func.text     ro code  0x00af6b     0x6  xprintffull_nomb.o [4]
  .far_func.text     ro code  0x00af71     0x6  cexit.o [4]
  .far.rodata        const    0x00af77     0x5  stm8l15x_clk.o [1]
  .far_func.text     ro code  0x00af7c     0x5  xprintffull_nomb.o [4]
  .far_func.text     ro code  0x00af81     0x5  xprintffull_nomb.o [4]
  .far_func.text     ro code  0x00af86     0x5  xprintffull_nomb.o [4]
  .far_func.text     ro code  0x00af8b     0x5  xprintffull_nomb.o [4]
  .far_func.text     ro code  0x00af90     0x5  xprintffull_nomb.o [4]
  .far_func.text     ro code  0x00af95     0x5  xprintffull_nomb.o [4]
  .far_func.text     ro code  0x00af9a     0x5  xprintffull_nomb.o [4]
  .far_func.text     ro code  0x00af9f     0x5  xprintffull_nomb.o [4]
  .far_func.text     ro code  0x00afa4     0x5  xprintffull_nomb.o [4]
  .far_func.text     ro code  0x00afa9     0x5  xprintffull_nomb.o [4]
  .far.rodata        const    0x00afae     0x4  xprintffull_nomb.o [4]
  .far.rodata        const    0x00afb2     0x4  xprintffull_nomb.o [4]
  .far.rodata        const    0x00afb6     0x4  xprintffull_nomb.o [4]
  .far.rodata        const    0x00afba     0x4  xprintffull_nomb.o [4]
  .far_func.text     ro code  0x00afbe     0x4  interrupt.o [4]
  .far_func.text     ro code  0x00afc2     0x4  exit.o [4]
  .far.rodata        const    0x00afc6     0x3  Monitor.o [1]
  .far_func.text     ro code  0x00afc9     0x3  low_level_init.o [4]
  .far_func.text     ro code  0x00afcc     0x3  unhandled_exception.o [4]
  .far.rodata        const    0x00afcf     0x2  Monitor.o [1]
  .far.rodata        const    0x00afd1     0x2  xprintffull_nomb.o [4]
  .far_func.text     ro code  0x00afd3     0x1  __dbg_break.o [3]
                            - 0x00afd4  0x2f15

"P5":                                   0x34a2
  .huge_func.text    ro code  0x00afd4   0x3f4  etimer.o [1]
  .huge_func.text    ro code  0x00b3c8   0x297  process.o [1]
  .huge_func.text    ro code  0x00b65f   0x1db  stm8l15x_usart.o [1]
  .huge_func.text    ro code  0x00b83a   0x1c0  SHT1x.o [1]
  .huge_func.text    ro code  0x00b9fa   0x174  stm8l15x_exti.o [1]
  .huge_func.text    ro code  0x00bb6e   0x171  Dbg.o [1]
  .huge_func.text    ro code  0x00bcdf   0x158  stm8l15x_gpio.o [1]
  .huge_func.text    ro code  0x00be37   0x143  etimer.o [1]
  .huge_func.text    ro code  0x00bf7a   0x13b  stm8l15x_usart.o [1]
  .huge_func.text    ro code  0x00c0b5   0x13a  etimer.o [1]
  .huge_func.text    ro code  0x00c1ef   0x135  stm8l15x_dma.o [1]
  .huge_func.text    ro code  0x00c324   0x11a  process.o [1]
  .huge_func.text    ro code  0x00c43e   0x10f  process.o [1]
  .huge_func.text    ro code  0x00c54d    0xfc  DebugPort.o [1]
  .huge_func.text    ro code  0x00c649    0xe3  process.o [1]
  .huge_func.text    ro code  0x00c72c    0xda  Demo.o [1]
  .huge_func.text    ro code  0x00c806    0xd0  SHT1x.o [1]
  .huge_func.text    ro code  0x00c8d6    0xce  Demo.o [1]
  .huge_func.text    ro code  0x00c9a4    0xca  DebugPort.o [1]
  .huge_func.text    ro code  0x00ca6e    0xca  DebugPort.o [1]
  .huge_func.text    ro code  0x00cb38    0xc6  Chip.o [1]
  .huge_func.text    ro code  0x00cbfe    0xc4  Monitor.o [1]
  .huge_func.text    ro code  0x00ccc2    0xc4  SHT1x.o [1]
  .huge_func.text    ro code  0x00cd86    0xc3  stm8l15x_clk.o [1]
  .huge_func.text    ro code  0x00ce49    0xc3  stm8l15x_dma.o [1]
  .huge_func.text    ro code  0x00cf0c    0xb6  SHT1x.o [1]
  .huge_func.text    ro code  0x00cfc2    0xb3  stm8l15x_clk.o [1]
  .huge_func.text    ro code  0x00d075    0xb2  rtimer.o [1]
  .huge_func.text    ro code  0x00d127    0xb0  DebugPort.o [1]
  .huge_func.text    ro code  0x00d1d7    0xae  Monitor.o [1]
  .huge_func.text    ro code  0x00d285    0xa3  stm8l15x_clk.o [1]
  .huge_func.text    ro code  0x00d328    0xa2  stm8l15x_dma.o [1]
  .huge_func.text    ro code  0x00d3ca    0x99  Chip.o [1]
  .huge_func.text    ro code  0x00d463    0x99  SHT1x.o [1]
  .huge_func.text    ro code  0x00d4fc    0x96  stm8l15x_dma.o [1]
  .huge_func.text    ro code  0x00d592    0x93  Monitor.o [1]
  .huge_func.text    ro code  0x00d625    0x91  process.o [1]
  .huge_func.text    ro code  0x00d6b6    0x82  Dbg.o [1]
  .huge_func.text    ro code  0x00d738    0x7b  process.o [1]
  .huge_func.text    ro code  0x00d7b3    0x7a  DebugPort.o [1]
  .huge_func.text    ro code  0x00d82d    0x6f  Dbg.o [1]
  .huge_func.text    ro code  0x00d89c    0x6f  SHT1x.o [1]
  .huge_func.text    ro code  0x00d90b    0x69  Util.o [1]
  .huge_func.text    ro code  0x00d974    0x66  clock.o [1]
  .huge_func.text    ro code  0x00d9da    0x65  Dbg.o [1]
  .huge_func.text    ro code  0x00da3f    0x5b  process.o [1]
  .huge_func.text    ro code  0x00da9a    0x5a  SHT1x.o [1]
  .huge_func.text    ro code  0x00daf4    0x5a  stm8l15x_gpio.o [1]
  .huge_func.text    ro code  0x00db4e    0x5a  stm8l15x_usart.o [1]
  .huge_func.text    ro code  0x00dba8    0x54  Dbg.o [1]
  .huge_func.text    ro code  0x00dbfc    0x4b  rtimer-arch.o [1]
  .huge_func.text    ro code  0x00dc47    0x4a  timer.o [1]
  .huge_func.text    ro code  0x00dc91    0x46  timer.o [1]
  .huge_func.text    ro code  0x00dcd7    0x40  main.o [1]
  .huge_func.text    ro code  0x00dd17    0x3f  Util.o [1]
  .huge_func.text    ro code  0x00dd56    0x3d  process.o [1]
  .huge_func.text    ro code  0x00dd93    0x38  SHT1x.o [1]
  .huge_func.text    ro code  0x00ddcb    0x34  stm8l15x_tim1.o [1]
  .huge_func.text    ro code  0x00ddff    0x33  stm8l15x_tim5.o [1]
  .huge_func.text    ro code  0x00de32    0x31  DebugPort.o [1]
  .huge_func.text    ro code  0x00de63    0x30  clock.o [1]
  .huge_func.text    ro code  0x00de93    0x2d  DebugPort.o [1]
  .huge_func.text    ro code  0x00dec0    0x2d  stm8l15x_tim1.o [1]
  .huge_func.text    ro code  0x00deed    0x2b  DebugPort.o [1]
  .huge_func.text    ro code  0x00df18    0x29  etimer.o [1]
  .huge_func.text    ro code  0x00df41    0x29  process.o [1]
  .huge_func.text    ro code  0x00df6a    0x27  Monitor.o [1]
  .huge_func.text    ro code  0x00df91    0x25  stm8l15x_it.o [1]
  .huge_func.text    ro code  0x00dfb6    0x24  stm8l15x_exti.o [1]
  .huge_func.text    ro code  0x00dfda    0x23  process.o [1]
  .huge_func.text    ro code  0x00dffd    0x22  stm8l15x_dma.o [1]
  .huge_func.text    ro code  0x00e01f    0x22  stm8l15x_tim1.o [1]
  .huge_func.text    ro code  0x00e041    0x22  stm8l15x_tim5.o [1]
  .huge_func.text    ro code  0x00e063    0x21  Key.o [1]
  .huge_func.text    ro code  0x00e084    0x21  rtimer-arch.o [1]
  .huge_func.text    ro code  0x00e0a5    0x21  rtimer-arch.o [1]
  .huge_func.text    ro code  0x00e0c6    0x1f  timer.o [1]
  .huge_func.text    ro code  0x00e0e5    0x1d  etimer.o [1]
  .huge_func.text    ro code  0x00e102    0x1d  stm8l15x_clk.o [1]
  .huge_func.text    ro code  0x00e11f    0x1d  stm8l15x_dma.o [1]
  .huge_func.text    ro code  0x00e13c    0x1d  stm8l15x_dma.o [1]
  .huge_func.text    ro code  0x00e159    0x1d  stm8l15x_tim1.o [1]
  .huge_func.text    ro code  0x00e176    0x1d  stm8l15x_tim5.o [1]
  .huge_func.text    ro code  0x00e193    0x1c  rtimer-arch.o [1]
  .huge_func.text    ro code  0x00e1af    0x1b  stm8l15x_it.o [1]
  .huge_func.text    ro code  0x00e1ca    0x1b  stm8l15x_it.o [1]
  .huge_func.text    ro code  0x00e1e5    0x1b  stm8l15x_it.o [1]
  .huge_func.text    ro code  0x00e200    0x1b  stm8l15x_it.o [1]
  .huge_func.text    ro code  0x00e21b    0x1b  Wdg.o [1]
  .huge_func.text    ro code  0x00e236    0x19  process.o [1]
  .huge_func.text    ro code  0x00e24f    0x19  SHT1x.o [1]
  .huge_func.text    ro code  0x00e268    0x18  etimer.o [1]
  .huge_func.text    ro code  0x00e280    0x18  Monitor.o [1]
  .huge_func.text    ro code  0x00e298    0x18  Monitor.o [1]
  .huge_func.text    ro code  0x00e2b0    0x18  Monitor.o [1]
  .huge_func.text    ro code  0x00e2c8    0x15  stm8l15x_tim1.o [1]
  .huge_func.text    ro code  0x00e2dd    0x13  Chip.o [1]
  .huge_func.text    ro code  0x00e2f0    0x13  Demo.o [1]
  .huge_func.text    ro code  0x00e303    0x13  stm8l15x_tim5.o [1]
  .huge_func.text    ro code  0x00e316    0x12  stm8l15x_dma.o [1]
  .huge_func.text    ro code  0x00e328    0x12  stm8l15x_gpio.o [1]
  .huge_func.text    ro code  0x00e33a    0x11  clock.o [1]
  .huge_func.text    ro code  0x00e34b    0x11  Demo.o [1]
  .huge_func.text    ro code  0x00e35c    0x11  Monitor.o [1]
  .huge_func.text    ro code  0x00e36d    0x11  stm8l15x_dma.o [1]
  .huge_func.text    ro code  0x00e37e    0x11  stm8l15x_tim1.o [1]
  .huge_func.text    ro code  0x00e38f    0x11  stm8l15x_usart.o [1]
  .huge_func.text    ro code  0x00e3a0     0xe  etimer.o [1]
  .huge_func.text    ro code  0x00e3ae     0xd  DebugPort.o [1]
  .huge_func.text    ro code  0x00e3bb     0xd  stm8l15x_gpio.o [1]
  .huge_func.text    ro code  0x00e3c8     0xd  stm8l15x_usart.o [1]
  .huge_func.text    ro code  0x00e3d5     0xc  Demo.o [1]
  .huge_func.text    ro code  0x00e3e1     0xc  etimer.o [1]
  .huge_func.text    ro code  0x00e3ed     0xc  Key.o [1]
  .huge_func.text    ro code  0x00e3f9     0xc  Monitor.o [1]
  .huge_func.text    ro code  0x00e405     0xa  stm8l15x_tim1.o [1]
  .huge_func.text    ro code  0x00e40f     0xa  stm8l15x_tim5.o [1]
  .huge_func.text    ro code  0x00e419     0x7  stm8l15x_flash.o [1]
  .huge_func.text    ro code  0x00e420     0x7  stm8l15x_iwdg.o [1]
  .huge_func.text    ro code  0x00e427     0x7  stm8l15x_iwdg.o [1]
  .huge_func.text    ro code  0x00e42e     0x7  Util.o [1]
  .huge_func.text    ro code  0x00e435     0x5  Dbg.o [1]
  .huge_func.text    ro code  0x00e43a     0x5  Dbg.o [1]
  .huge_func.text    ro code  0x00e43f     0x5  rtimer.o [1]
  .huge_func.text    ro code  0x00e444     0x5  stm8l15x_clk.o [1]
  .huge_func.text    ro code  0x00e449     0x5  stm8l15x_iwdg.o [1]
  .huge_func.text    ro code  0x00e44e     0x5  stm8l15x_iwdg.o [1]
  .huge_func.text    ro code  0x00e453     0x5  stm8l15x_iwdg.o [1]
  .huge_func.text    ro code  0x00e458     0x5  Wdg.o [1]
  .huge_func.text    ro code  0x00e45d     0x1  stm8l15x_it.o [1]
  .huge_func.text    ro code  0x00e45e     0x1  stm8l15x_it.o [1]
  .huge_func.text    ro code  0x00e45f     0x1  stm8l15x_it.o [1]
  .huge_func.text    ro code  0x00e460     0x1  stm8l15x_it.o [1]
  .huge_func.text    ro code  0x00e461     0x1  stm8l15x_it.o [1]
  .huge_func.text    ro code  0x00e462     0x1  stm8l15x_it.o [1]
  .huge_func.text    ro code  0x00e463     0x1  stm8l15x_it.o [1]
  .huge_func.text    ro code  0x00e464     0x1  stm8l15x_it.o [1]
  .huge_func.text    ro code  0x00e465     0x1  stm8l15x_it.o [1]
  .huge_func.text    ro code  0x00e466     0x1  stm8l15x_it.o [1]
  .huge_func.text    ro code  0x00e467     0x1  stm8l15x_it.o [1]
  .huge_func.text    ro code  0x00e468     0x1  stm8l15x_it.o [1]
  .huge_func.text    ro code  0x00e469     0x1  stm8l15x_it.o [1]
  .huge_func.text    ro code  0x00e46a     0x1  stm8l15x_it.o [1]
  .huge_func.text    ro code  0x00e46b     0x1  stm8l15x_it.o [1]
  .huge_func.text    ro code  0x00e46c     0x1  stm8l15x_it.o [1]
  .huge_func.text    ro code  0x00e46d     0x1  stm8l15x_it.o [1]
  .huge_func.text    ro code  0x00e46e     0x1  stm8l15x_it.o [1]
  .huge_func.text    ro code  0x00e46f     0x1  stm8l15x_it.o [1]
  .huge_func.text    ro code  0x00e470     0x1  stm8l15x_it.o [1]
  .huge_func.text    ro code  0x00e471     0x1  stm8l15x_it.o [1]
  .huge_func.text    ro code  0x00e472     0x1  stm8l15x_it.o [1]
  .huge_func.text    ro code  0x00e473     0x1  stm8l15x_it.o [1]
  .huge_func.text    ro code  0x00e474     0x1  stm8l15x_it.o [1]
  .huge_func.text    ro code  0x00e475     0x1  stm8l15x_it.o [1]
                            - 0x00e476  0x34a2


*******************************************************************************
*** INIT TABLE
***

          Address   Size
          -------   ----
Zero (__iar_zero_init2)
    1 destination range, total size 0x364:
          0x00003a  0x364

Copy (__iar_copy_init2)
    1 source range, total size 0x2a:
          0x008095   0x2a
    1 destination range, total size 0x2a:
          0x000010   0x2a



*******************************************************************************
*** MODULE SUMMARY
***

    Module                 ro code  ro data  rw data
    ------                 -------  -------  -------
F:\git\stm8L_ContikiDemo\Project\IAR\Debug\Obj: [1]
    Chip.o                     370                 4
    Dbg.o                      805      105      129
    DebugPort.o              1 104       51      331
    Demo.o                     472      156       23
    Key.o                       45
    Monitor.o                  657      216       61
    SHT1x.o                  1 469
    Util.o                     175       51
    Wdg.o                       32
    clock.o                    167        2        8
    energest.o                                    86
    etimer.o                 1 769       25       18
    main.o                      64
    process.o                1 964               245
    rtimer-arch.o              169
    rtimer.o                   183                 3
    stm8l15x_clk.o             571        5
    stm8l15x_dma.o             943
    stm8l15x_exti.o            408
    stm8l15x_flash.o             7
    stm8l15x_gpio.o            465
    stm8l15x_it.o              170
    stm8l15x_iwdg.o             29
    stm8l15x_tim1.o            208
    stm8l15x_tim5.o            143
    stm8l15x_usart.o           910
    timer.o                    175
    ------------------------------------------------
    Total:                  13 474      611      908

command line: [2]
    ------------------------------------------------
    Total:

dbgstm8mld.a: [3]
    __dbg_abort.o               17
    __dbg_break.o                1
    __dbg_xxexit.o              26
    ------------------------------------------------
    Total:                      44

dlstm8mln.a: [4]
    cexit.o                      6
    cstartup.o                  23
    dc_util.o                   88
    div.o                       67
    errno.o                                        2
    exit.o                       4
    far.o                       10
    far_util.o                 150
    float.o                  1 185
    float_libsup.o             460
    init.o                     149
    interrupt.o                  4      128
    log10.o                      6
    long.o                     469
    long_util.o                170
    low_level_init.o             3
    memchr.o                    34
    memcpy.o                    49
    move.o                      18
    short.o                     86
    strcat.o                    57
    strchr.o                    35
    strcmp.o                    55
    strcpy.o                    40
    strlen.o                    27
    unhandled_exception.o        3
    vreg_util.o                553
    vregs.o                                       16
    vsnprint.o                 125
    xlog.o                     528
    xprintffull_nomb.o       6 857       25
    xsnprout.o                 154
    ------------------------------------------------
    Total:                  11 415      153       18

    Linker created                       21      256
----------------------------------------------------
    Grand Total:            24 933      785    1 182


*******************************************************************************
*** ENTRY LIST
***

Entry                    Address   Size  Type      Object
-----                    -------   ----  ----      ------
.iar.init_table$$Base   0x008080          --   Gb  - Linker created -
.iar.init_table$$Limit  0x008095          --   Gb  - Linker created -
?add32_l0_l0_0x         0x009c86         Code  Gb  long.o [4]
?b0                     0x000000         Data  Gb  vregs.o [4]
?b1                     0x000001         Data  Gb  vregs.o [4]
?b10                    0x00000a         Data  Gb  vregs.o [4]
?b11                    0x00000b         Data  Gb  vregs.o [4]
?b12                    0x00000c         Data  Gb  vregs.o [4]
?b13                    0x00000d         Data  Gb  vregs.o [4]
?b14                    0x00000e         Data  Gb  vregs.o [4]
?b15                    0x00000f         Data  Gb  vregs.o [4]
?b2                     0x000002         Data  Gb  vregs.o [4]
?b3                     0x000003         Data  Gb  vregs.o [4]
?b4                     0x000004         Data  Gb  vregs.o [4]
?b5                     0x000005         Data  Gb  vregs.o [4]
?b6                     0x000006         Data  Gb  vregs.o [4]
?b7                     0x000007         Data  Gb  vregs.o [4]
?b8                     0x000008         Data  Gb  vregs.o [4]
?b9                     0x000009         Data  Gb  vregs.o [4]
?dc32_l0                0x00a4c5         Code  Gb  dc_util.o [4]
?dc32_l1                0x00a4f1         Code  Gb  dc_util.o [4]
?e0                     0x000001         Data  Gb  vregs.o [4]
?e1                     0x000005         Data  Gb  vregs.o [4]
?e2                     0x000009         Data  Gb  vregs.o [4]
?e3                     0x00000d         Data  Gb  vregs.o [4]
?epilogue_l2            0x009999         Code  Gb  vreg_util.o [4]
?epilogue_l2_l3         0x009995         Code  Gb  vreg_util.o [4]
?epilogue_l2_w6         0x00999e         Code  Gb  vreg_util.o [4]
?epilogue_w4            0x0099a7         Code  Gb  vreg_util.o [4]
?fadd32_l0_l0_dc32      0x0093b4         Code  Gb  float.o [4]
?fadd32_l0_l0_l1        0x0093ba         Code  Gb  float.o [4]
?fcastf32s16_l0_x       0x009645         Code  Gb  float.o [4]
?fcastf32s32_l0_l0      0x0096e4         Code  Gb  float.o [4]
?fcastf32u16_l0_x       0x00964c         Code  Gb  float.o [4]
?fcastf32u32_l0_l0      0x0096f0         Code  Gb  float.o [4]
?fcasts32f32_l0_l0      0x009681         Code  Gb  float.o [4]
?fcastu32f32_l0_l0      0x00966a         Code  Gb  float.o [4]
?fcmpge32_c_l0_0x       0x0095e4         Code  Gb  float.o [4]
?fcmpge32_c_l0_dc32     0x0095dd         Code  Gb  float.o [4]
?fcmpge32_c_l0_l1       0x0095e1         Code  Gb  float.o [4]
?fcmplt32_c_l0_0x       0x0095ef         Code  Gb  float.o [4]
?fcmplt32_c_l0_dc32     0x0095e8         Code  Gb  float.o [4]
?fcmplt32_c_l0_l1       0x0095ec         Code  Gb  float.o [4]
?fdiv32_l0_l0_dc32      0x009529         Code  Gb  float.o [4]
?fdiv32_l0_l0_l1        0x00952f         Code  Gb  float.o [4]
?fmul32_l0_l0_dc32      0x009488         Code  Gb  float.o [4]
?fmul32_l0_l0_l1        0x00948e         Code  Gb  float.o [4]
?fsub32_l0_dc32_l1      0x0093a8         Code  Gb  float.o [4]
?fsub32_l0_l0_l1        0x0093ae         Code  Gb  float.o [4]
?inc32_0x_0x            0x009c78         Code  Gb  long.o [4]
?inc32_l0_l0            0x009c6e         Code  Gb  long.o [4]
?inc32_l2_l2            0x009c73         Code  Gb  long.o [4]
?l0                     0x000000         Data  Gb  vregs.o [4]
?l1                     0x000004         Data  Gb  vregs.o [4]
?l2                     0x000008         Data  Gb  vregs.o [4]
?l3                     0x00000c         Data  Gb  vregs.o [4]
?load24_0x_e0           0x00a2ca         Code  Gb  far_util.o [4]
?load24_0x_e1           0x00a2e2         Code  Gb  far_util.o [4]
?load24_0x_e2           0x00a2fa         Code  Gb  far_util.o [4]
?load24_e0_0x           0x00a27e         Code  Gb  far_util.o [4]
?load24_e0_asp          0x00a272         Code  Gb  far_util.o [4]
?load24_e0_xsp          0x00a274         Code  Gb  far_util.o [4]
?load24_e1_0x           0x00a298         Code  Gb  far_util.o [4]
?load24_e1_asp          0x00a28c         Code  Gb  far_util.o [4]
?load24_e1_xsp          0x00a28e         Code  Gb  far_util.o [4]
?load24_e2_0x           0x00a2b2         Code  Gb  far_util.o [4]
?load24_e2_asp          0x00a2a6         Code  Gb  far_util.o [4]
?load24_e2_xsp          0x00a2a8         Code  Gb  far_util.o [4]
?load24_xsp_e0          0x00a2c0         Code  Gb  far_util.o [4]
?load24_xsp_e1          0x00a2d8         Code  Gb  far_util.o [4]
?load24_xsp_e2          0x00a2f0         Code  Gb  far_util.o [4]
?load32_0x_l0           0x00a234         Code  Gb  long_util.o [4]
?load32_0x_l1           0x00a24c         Code  Gb  long_util.o [4]
?load32_0x_l2           0x00a264         Code  Gb  long_util.o [4]
?load32_l0_0x           0x00a1e2         Code  Gb  long_util.o [4]
?load32_l0_asp          0x00a1d6         Code  Gb  long_util.o [4]
?load32_l0_dbsp         0x00a1c8         Code  Gb  long_util.o [4]
?load32_l0_xsp          0x00a1d8         Code  Gb  long_util.o [4]
?load32_l1_0x           0x00a208         Code  Gb  long_util.o [4]
?load32_l1_asp          0x00a1fc         Code  Gb  long_util.o [4]
?load32_l1_dbsp         0x00a1ee         Code  Gb  long_util.o [4]
?load32_l1_xsp          0x00a1fe         Code  Gb  long_util.o [4]
?load32_l3_0x           0x00a21e         Code  Gb  long_util.o [4]
?load32_l3_xsp          0x00a214         Code  Gb  long_util.o [4]
?load32_xsp_l0          0x00a22a         Code  Gb  long_util.o [4]
?load32_xsp_l1          0x00a242         Code  Gb  long_util.o [4]
?load32_xsp_l2          0x00a25a         Code  Gb  long_util.o [4]
?mov_e0_e1              0x0099cb         Code  Gb  vreg_util.o [4]
?mov_e0_e2              0x0099d8         Code  Gb  vreg_util.o [4]
?mov_e0_e3              0x0099e5         Code  Gb  vreg_util.o [4]
?mov_e1_e0              0x0099f2         Code  Gb  vreg_util.o [4]
?mov_e1_e2              0x0099ff         Code  Gb  vreg_util.o [4]
?mov_e1_e3              0x009a0c         Code  Gb  vreg_util.o [4]
?mov_e2_e0              0x009a19         Code  Gb  vreg_util.o [4]
?mov_e2_e1              0x009a26         Code  Gb  vreg_util.o [4]
?mov_e3_e0              0x009a33         Code  Gb  vreg_util.o [4]
?mov_e3_e1              0x009a40         Code  Gb  vreg_util.o [4]
?mov_e3_e2              0x009a4a         Code  Gb  vreg_util.o [4]
?mov_l0_l1              0x0099c8         Code  Gb  vreg_util.o [4]
?mov_l0_l2              0x0099d5         Code  Gb  vreg_util.o [4]
?mov_l0_l3              0x0099e2         Code  Gb  vreg_util.o [4]
?mov_l1_l0              0x0099ef         Code  Gb  vreg_util.o [4]
?mov_l1_l2              0x0099fc         Code  Gb  vreg_util.o [4]
?mov_l1_l3              0x009a09         Code  Gb  vreg_util.o [4]
?mov_l2_l0              0x009a16         Code  Gb  vreg_util.o [4]
?mov_l2_l1              0x009a23         Code  Gb  vreg_util.o [4]
?mov_l3_l0              0x009a30         Code  Gb  vreg_util.o [4]
?mov_l3_l1              0x009a3d         Code  Gb  vreg_util.o [4]
?mov_w1_w3              0x0099ce         Code  Gb  vreg_util.o [4]
?mov_w1_w5              0x0099db         Code  Gb  vreg_util.o [4]
?mov_w1_w7              0x0099e8         Code  Gb  vreg_util.o [4]
?mov_w3_w1              0x0099f5         Code  Gb  vreg_util.o [4]
?mov_w3_w4              0x0099ac         Code  Gb  vreg_util.o [4]
?mov_w3_w5              0x009a02         Code  Gb  vreg_util.o [4]
?mov_w3_w6              0x0099b3         Code  Gb  vreg_util.o [4]
?mov_w3_w7              0x009a0f         Code  Gb  vreg_util.o [4]
?mov_w5_w1              0x009a1c         Code  Gb  vreg_util.o [4]
?mov_w5_w3              0x009a29         Code  Gb  vreg_util.o [4]
?mov_w6_w0              0x0099ba         Code  Gb  vreg_util.o [4]
?mov_w6_w7              0x0099c1         Code  Gb  vreg_util.o [4]
?mov_w7_w1              0x009a36         Code  Gb  vreg_util.o [4]
?mov_w7_w3              0x009a43         Code  Gb  vreg_util.o [4]
?mov_w7_w5              0x009a4d         Code  Gb  vreg_util.o [4]
?move2416_v_e0_x_y      0x00ab5f         Code  Gb  move.o [4]
?mul16_x_x_w0           0x00a51d         Code  Gb  short.o [4]
?mul32_l0_l0_l1         0x009c9e         Code  Gb  long.o [4]
?neg32_l0_l0            0x009c5e         Code  Gb  long.o [4]
?pop_e0                 0x0098dd         Code  Gb  vreg_util.o [4]
?pop_e1                 0x0098ec         Code  Gb  vreg_util.o [4]
?pop_e2                 0x0098fb         Code  Gb  vreg_util.o [4]
?pop_e3                 0x00990a         Code  Gb  vreg_util.o [4]
?pop_l0                 0x00995d         Code  Gb  vreg_util.o [4]
?pop_l1                 0x009968         Code  Gb  vreg_util.o [4]
?pop_l2                 0x009973         Code  Gb  vreg_util.o [4]
?pop_l3                 0x00997e         Code  Gb  vreg_util.o [4]
?pop_w0                 0x00984c         Code  Gb  vreg_util.o [4]
?pop_w4                 0x009853         Code  Gb  vreg_util.o [4]
?pop_w6                 0x00985a         Code  Gb  vreg_util.o [4]
?push_e0                0x00986d         Code  Gb  vreg_util.o [4]
?push_e1                0x009889         Code  Gb  vreg_util.o [4]
?push_e2                0x0098a5         Code  Gb  vreg_util.o [4]
?push_e3                0x0098c1         Code  Gb  vreg_util.o [4]
?push_l0                0x009928         Code  Gb  vreg_util.o [4]
?push_l1                0x00992d         Code  Gb  vreg_util.o [4]
?push_l2                0x009932         Code  Gb  vreg_util.o [4]
?push_l3                0x009937         Code  Gb  vreg_util.o [4]
?push_w4                0x00982b         Code  Gb  vreg_util.o [4]
?push_w6                0x009830         Code  Gb  vreg_util.o [4]
?scmp32_c_l0_l1         0x009de2         Code  Gb  long.o [4]
?sdiv16_x_x_y           0x00a53b         Code  Gb  short.o [4]
?sdiv32_l0_l0_dl        0x009d93         Code  Gb  long.o [4]
?sdiv32_l0_l0_l1        0x009d97         Code  Gb  long.o [4]
?sext16_x_a             0x00a56c         Code  Gb  short.o [4]
?sext32_l0_a            0x009e26         Code  Gb  long.o [4]
?sext32_l0_x            0x009e1b         Code  Gb  long.o [4]
?sll16_x_x_a            0x00a564         Code  Gb  short.o [4]
?smod16_y_x_y           0x00a554         Code  Gb  short.o [4]
?smod32_l1_l0_l1        0x009d97         Code  Gb  long.o [4]
?sra32_0x_0x_a          0x009e0d         Code  Gb  long.o [4]
?sra32_l0_l0_a          0x009e0a         Code  Gb  long.o [4]
?srl32_0x_0x_a          0x009dfc         Code  Gb  long.o [4]
?srl32_l0_l0_a          0x009df9         Code  Gb  long.o [4]
?ucmp24_c_0x_e0         0x00ae1e         Code  Gb  far.o [4]
?udiv32_l0_l0_dl        0x009d22         Code  Gb  long.o [4]
?udiv32_l0_l0_l1        0x009d26         Code  Gb  long.o [4]
?umod32_l1_l0_dl        0x009d1c         Code  Gb  long.o [4]
?umod32_l1_l0_l1        0x009d26         Code  Gb  long.o [4]
?w0                     0x000000         Data  Gb  vregs.o [4]
?w1                     0x000002         Data  Gb  vregs.o [4]
?w2                     0x000004         Data  Gb  vregs.o [4]
?w3                     0x000006         Data  Gb  vregs.o [4]
?w4                     0x000008         Data  Gb  vregs.o [4]
?w5                     0x00000a         Data  Gb  vregs.o [4]
?w6                     0x00000c         Data  Gb  vregs.o [4]
?w7                     0x00000e         Data  Gb  vregs.o [4]
ADC1_COMP_IRQHandler    0x00e46d    0x1  Code  Gb  stm8l15x_it.o [1]
CLK_GetClockFreq        0x00cfc2   0xb3  Code  Gb  stm8l15x_clk.o [1]
CLK_GetFlagStatus       0x00d285   0xa3  Code  Gb  stm8l15x_clk.o [1]
CLK_LSICmd              0x00e102   0x1d  Code  Gb  stm8l15x_clk.o [1]
CLK_PeripheralClockConfig
                        0x00cd86   0xc3  Code  Gb  stm8l15x_clk.o [1]
CLK_SYSCLKDivConfig     0x00e444    0x5  Code  Gb  stm8l15x_clk.o [1]
CSTACK$$Base            0x000f00          --   Gb  - Linker created -
CSTACK$$Limit           0x001000          --   Gb  - Linker created -
CmdDisablePrint         0x00e298   0x18  Code  Lc  Monitor.o [1]
CmdEnablePrint          0x00e280   0x18  Code  Lc  Monitor.o [1]
CmdHelp                 0x00d1d7   0xae  Code  Lc  Monitor.o [1]
CmdSampleSHT            0x00e2b0   0x18  Code  Lc  Monitor.o [1]
CmdVer                  0x00df6a   0x27  Code  Lc  Monitor.o [1]
DMA1_CHANNEL0_1_IRQHandler
                        0x00df91   0x25  Code  Gb  stm8l15x_it.o [1]
DMA1_CHANNEL2_3_IRQHandler
                        0x00e45f    0x1  Code  Gb  stm8l15x_it.o [1]
DMA_ClearITPendingBit   0x00d4fc   0x96  Code  Gb  stm8l15x_dma.o [1]
DMA_Cmd                 0x00e13c   0x1d  Code  Gb  stm8l15x_dma.o [1]
DMA_DeInit              0x00ce49   0xc3  Code  Gb  stm8l15x_dma.o [1]
DMA_GetITStatus         0x00d328   0xa2  Code  Gb  stm8l15x_dma.o [1]
DMA_GlobalCmd           0x00e11f   0x1d  Code  Gb  stm8l15x_dma.o [1]
DMA_GlobalDeInit        0x00e36d   0x11  Code  Gb  stm8l15x_dma.o [1]
DMA_ITConfig            0x00dffd   0x22  Code  Gb  stm8l15x_dma.o [1]
DMA_Init                0x00c1ef  0x135  Code  Gb  stm8l15x_dma.o [1]
DMA_SetCurrDataCounter  0x00e316   0x12  Code  Gb  stm8l15x_dma.o [1]
DMA_SetSrcAddr          0x00deed   0x2b  Code  Gb  DebugPort.o [1]
EXTI0_IRQHandler        0x00e464    0x1  Code  Gb  stm8l15x_it.o [1]
EXTI1_IRQHandler        0x00e465    0x1  Code  Gb  stm8l15x_it.o [1]
EXTI2_IRQHandler        0x00e1af   0x1b  Code  Gb  stm8l15x_it.o [1]
EXTI3_IRQHandler        0x00e466    0x1  Code  Gb  stm8l15x_it.o [1]
EXTI4_IRQHandler        0x00e467    0x1  Code  Gb  stm8l15x_it.o [1]
EXTI5_IRQHandler        0x00e468    0x1  Code  Gb  stm8l15x_it.o [1]
EXTI6_IRQHandler        0x00e469    0x1  Code  Gb  stm8l15x_it.o [1]
EXTI7_IRQHandler        0x00e46a    0x1  Code  Gb  stm8l15x_it.o [1]
EXTIB_G_IRQHandler      0x00e462    0x1  Code  Gb  stm8l15x_it.o [1]
EXTID_H_IRQHandler      0x00e463    0x1  Code  Gb  stm8l15x_it.o [1]
EXTIE_F_PVD_IRQHandler  0x00e461    0x1  Code  Gb  stm8l15x_it.o [1]
EXTI_ClearITPendingBit  0x00dfb6   0x24  Code  Gb  stm8l15x_exti.o [1]
EXTI_SetPinSensitivity  0x00b9fa  0x174  Code  Gb  stm8l15x_exti.o [1]
FLASH_IRQHandler        0x00e45e    0x1  Code  Gb  stm8l15x_it.o [1]
FLASH_ReadByte          0x00e419    0x7  Code  Gb  stm8l15x_flash.o [1]
FormatPrintf            0x00bb6e  0x171  Code  Gb  Dbg.o [1]
GPIO_ExternalPullUpConfig
                        0x00daf4   0x5a  Code  Gb  stm8l15x_gpio.o [1]
GPIO_Init               0x00bcdf  0x158  Code  Gb  stm8l15x_gpio.o [1]
GPIO_ResetBits          0x00e328   0x12  Code  Gb  stm8l15x_gpio.o [1]
GPIO_ToggleBits         0x00e3bb    0xd  Code  Gb  stm8l15x_gpio.o [1]
I2C1_SPI2_IRQHandler    0x00e475    0x1  Code  Gb  stm8l15x_it.o [1]
INTVEC$$Base            0x008000          --   Gb  - Linker created -
INTVEC$$Limit           0x008080          --   Gb  - Linker created -
IWDG_Enable             0x00e427    0x7  Code  Gb  stm8l15x_iwdg.o [1]
IWDG_ReloadCounter      0x00e420    0x7  Code  Gb  stm8l15x_iwdg.o [1]
IWDG_SetPrescaler       0x00e44e    0x5  Code  Gb  stm8l15x_iwdg.o [1]
IWDG_SetReload          0x00e453    0x5  Code  Gb  stm8l15x_iwdg.o [1]
IWDG_WriteAccessCmd     0x00e449    0x5  Code  Gb  stm8l15x_iwdg.o [1]
LCD_AES_IRQHandler      0x00e46b    0x1  Code  Gb  stm8l15x_it.o [1]
LoadInt                 0x00a464   0x61  Code  Lc  xprintffull_nomb.o [4]
ProcPCCmd               0x00cbfe   0xc4  Code  Lc  Monitor.o [1]
PutCmdChar              0x00d127   0xb0  Code  Lc  DebugPort.o [1]
RTC_CSSLSE_IRQHandler   0x00e460    0x1  Code  Gb  stm8l15x_it.o [1]
Region$$Table$$Base     0x008080          --   Gb  - Linker created -
Region$$Table$$Limit    0x008095          --   Gb  - Linker created -
SPI1_IRQHandler         0x00e473    0x1  Code  Gb  stm8l15x_it.o [1]
SWITCH_CSS_BREAK_DAC_IRQHandler
                        0x00e46c    0x1  Code  Gb  stm8l15x_it.o [1]
SYSDivFactor            0x00af77    0x5  Data  Gb  stm8l15x_clk.o [1]
SamplePrintSHT          0x00c72c   0xda  Code  Lc  Demo.o [1]
SysTick_handler         0x00d974   0x66  Code  Gb  clock.o [1]
TIM1_CC_IRQHandler      0x00e1e5   0x1b  Code  Gb  stm8l15x_it.o [1]
TIM1_ClearFlag          0x00e2c8   0x15  Code  Gb  stm8l15x_tim1.o [1]
TIM1_ClearITPendingBit  0x00e405    0xa  Code  Gb  stm8l15x_tim1.o [1]
TIM1_Cmd                0x00e159   0x1d  Code  Gb  stm8l15x_tim1.o [1]
TIM1_GetCounter         0x00dec0   0x2d  Code  Gb  stm8l15x_tim1.o [1]
TIM1_ITConfig           0x00e01f   0x22  Code  Gb  stm8l15x_tim1.o [1]
TIM1_SetCompare1        0x00e37e   0x11  Code  Gb  stm8l15x_tim1.o [1]
TIM1_TimeBaseInit       0x00ddcb   0x34  Code  Gb  stm8l15x_tim1.o [1]
TIM1_UPD_OVF_TRG_COM_IRQHandler
                        0x00e471    0x1  Code  Gb  stm8l15x_it.o [1]
TIM2_CC_USART2_RX_IRQHandler
                        0x00e1ca   0x1b  Code  Gb  stm8l15x_it.o [1]
TIM2_UPD_OVF_TRG_BRK_USART2_TX_IRQHandler
                        0x00e46e    0x1  Code  Gb  stm8l15x_it.o [1]
TIM3_CC_USART3_RX_IRQHandler
                        0x00e470    0x1  Code  Gb  stm8l15x_it.o [1]
TIM3_UPD_OVF_TRG_BRK_USART3_TX_IRQHandler
                        0x00e46f    0x1  Code  Gb  stm8l15x_it.o [1]
TIM4_UPD_OVF_TRG_IRQHandler
                        0x00e472    0x1  Code  Gb  stm8l15x_it.o [1]
TIM5_ClearFlag          0x00e303   0x13  Code  Gb  stm8l15x_tim5.o [1]
TIM5_ClearITPendingBit  0x00e40f    0xa  Code  Gb  stm8l15x_tim5.o [1]
TIM5_Cmd                0x00e176   0x1d  Code  Gb  stm8l15x_tim5.o [1]
TIM5_ITConfig           0x00e041   0x22  Code  Gb  stm8l15x_tim5.o [1]
TIM5_TimeBaseInit       0x00ddff   0x33  Code  Gb  stm8l15x_tim5.o [1]
TRAP_IRQHandler         0x00e45d    0x1  Code  Gb  stm8l15x_it.o [1]
USART1_RX_TIM5_CC_IRQHandler
                        0x00e474    0x1  Code  Gb  stm8l15x_it.o [1]
USART1_TX_TIM5_UPD_OVF_TRG_BRK_IRQHandler
                        0x00e200   0x1b  Code  Gb  stm8l15x_it.o [1]
USART_DMACmd            0x00db4e   0x5a  Code  Gb  stm8l15x_usart.o [1]
USART_ITConfig          0x00bf7a  0x13b  Code  Gb  stm8l15x_usart.o [1]
USART_Init              0x00b65f  0x1db  Code  Gb  stm8l15x_usart.o [1]
USART_ReceiveData8      0x00e3c8    0xd  Code  Gb  stm8l15x_usart.o [1]
USART_SendData8         0x00e38f   0x11  Code  Gb  stm8l15x_usart.o [1]
_AssertUART             0x00d9da   0x65  Code  Gb  Dbg.o [1]
_GenldFullNoMb          0x008e51  0x539  Code  Lc  xprintffull_nomb.o [4]
_LdtobFullNoMb          0x008880  0x5d1  Code  Lc  xprintffull_nomb.o [4]
_LitobFullNoMb          0x009a54  0x20a  Code  Lc  xprintffull_nomb.o [4]
_PrintfFullNoMb         0x0080bf  0x7c1  Code  Gb  xprintffull_nomb.o [4]
_PutcharFullNoMb        0x00a385   0x76  Code  Lc  xprintffull_nomb.o [4]
_PutcharsFullNoMb       0x00a5c4   0x4c  Code  Lc  xprintffull_nomb.o [4]
_SNProut                0x00a3fb   0x69  Code  Gb  xsnprout.o [4]
__DebugBreak            0x00afd3    0x1  Code  Gb  __dbg_break.o [3]
__exit                  0x00aa63   0x1a  Code  Gb  __dbg_xxexit.o [3]
__iar_Dnorm             0x009e33         Code  Gb  float_libsup.o [4]
__iar_Dscale            0x009eff         Code  Gb  float_libsup.o [4]
__iar_Dunscale          0x009e88         Code  Gb  float_libsup.o [4]
__iar_Errno             0x000395    0x2  Data  Gb  errno.o [4]
__iar_Log               0x009fff  0x1c9  Code  Gb  xlog.o [4]
__iar_Memchr            0x00a991   0x22  Code  Gb  memchr.o [4]
__iar_Strchr            0x00a96e   0x23  Code  Gb  strchr.o [4]
__iar_copy_init2        0x00a69e   0x42  Code  Gb  init.o [4]
__iar_data_init2        0x00a9f0   0x1e  Code  Gb  init.o [4]
__iar_program_start     0x00aa7d         Code  Gb  cstartup.o [4]
__iar_unhandled_exception
                        0x00afcc         Code  Gb  unhandled_exception.o [4]
__iar_zero_init2        0x00a8ac   0x2a  Code  Gb  init.o [4]
__intvec                0x008000         Data  Gb  interrupt.o [4]
__low_level_init        0x00afc9    0x3  Code  Gb  low_level_init.o [4]
_exit                   0x00af71         Code  Gb  cexit.o [4]
_interrupt_1            0x00e45d         Code  Gb  stm8l15x_it.o [1]
_interrupt_10           0x00e464         Code  Gb  stm8l15x_it.o [1]
_interrupt_11           0x00e465         Code  Gb  stm8l15x_it.o [1]
_interrupt_12           0x00e1af         Code  Gb  stm8l15x_it.o [1]
_interrupt_13           0x00e466         Code  Gb  stm8l15x_it.o [1]
_interrupt_14           0x00e467         Code  Gb  stm8l15x_it.o [1]
_interrupt_15           0x00e468         Code  Gb  stm8l15x_it.o [1]
_interrupt_16           0x00e469         Code  Gb  stm8l15x_it.o [1]
_interrupt_17           0x00e46a         Code  Gb  stm8l15x_it.o [1]
_interrupt_18           0x00e46b         Code  Gb  stm8l15x_it.o [1]
_interrupt_19           0x00e46c         Code  Gb  stm8l15x_it.o [1]
_interrupt_20           0x00e46d         Code  Gb  stm8l15x_it.o [1]
_interrupt_21           0x00e46e         Code  Gb  stm8l15x_it.o [1]
_interrupt_22           0x00e1ca         Code  Gb  stm8l15x_it.o [1]
_interrupt_23           0x00e46f         Code  Gb  stm8l15x_it.o [1]
_interrupt_24           0x00e470         Code  Gb  stm8l15x_it.o [1]
_interrupt_25           0x00e471         Code  Gb  stm8l15x_it.o [1]
_interrupt_26           0x00e1e5         Code  Gb  stm8l15x_it.o [1]
_interrupt_27           0x00e472         Code  Gb  stm8l15x_it.o [1]
_interrupt_28           0x00e473         Code  Gb  stm8l15x_it.o [1]
_interrupt_29           0x00e200         Code  Gb  stm8l15x_it.o [1]
_interrupt_3            0x00e45e         Code  Gb  stm8l15x_it.o [1]
_interrupt_30           0x00e474         Code  Gb  stm8l15x_it.o [1]
_interrupt_31           0x00e475         Code  Gb  stm8l15x_it.o [1]
_interrupt_4            0x00df91         Code  Gb  stm8l15x_it.o [1]
_interrupt_5            0x00e45f         Code  Gb  stm8l15x_it.o [1]
_interrupt_6            0x00e460         Code  Gb  stm8l15x_it.o [1]
_interrupt_7            0x00e461         Code  Gb  stm8l15x_it.o [1]
_interrupt_8            0x00e462         Code  Gb  stm8l15x_it.o [1]
_interrupt_9            0x00e463         Code  Gb  stm8l15x_it.o [1]
abort                   0x00ab71   0x11  Code  Gb  __dbg_abort.o [3]
add_timer               0x00c0b5  0x13a  Code  Lc  etimer.o [1]
calc_dewpoint           0x00d463   0x99  Code  Gb  SHT1x.o [1]
calc_sth11              0x00b83a  0x1c0  Code  Gb  SHT1x.o [1]
call_process            0x00c43e  0x10f  Code  Lc  process.o [1]
chip_Init               0x00cb38   0xc6  Code  Gb  Chip.o [1]
chip_LEDToggle          0x00e2dd   0x13  Code  Gb  Chip.o [1]
chip_TwinkleLed         0x00d3ca   0x99  Code  Gb  Chip.o [1]
clock_init              0x00de63   0x30  Code  Gb  clock.o [1]
clock_time              0x00e33a   0x11  Code  Gb  clock.o [1]
current_clock           0x00038f    0x2  Data  Lc  clock.o [1]
current_seconds         0x000376    0x4  Data  Lc  clock.o [1]
dbg_DisablePrint        0x00e435    0x5  Code  Gb  Dbg.o [1]
dbg_EnablePrint         0x00e43a    0x5  Code  Gb  Dbg.o [1]
dbg_Printf              0x00d82d   0x6f  Code  Gb  Dbg.o [1]
dbg_PrintfArg           0x00d6b6   0x82  Code  Gb  Dbg.o [1]
dbg_Tx                  0x00dba8   0x54  Code  Gb  Dbg.o [1]
demo_Init               0x00e34b   0x11  Code  Gb  Demo.o [1]
demo_ProcKey            0x00e3d5    0xc  Code  Gb  Demo.o [1]
demo_SampleSHT          0x00e2f0   0x13  Code  Gb  Demo.o [1]
demo_process            0x000010    0xd  Data  Gb  Demo.o [1]
div                     0x00a65b   0x43  Code  Gb  div.o [4]
do_event                0x00c324  0x11a  Code  Lc  process.o [1]
do_poll                 0x00d625   0x91  Code  Lc  process.o [1]
dp_DMATxIRQHandler      0x00de93   0x2d  Code  Gb  DebugPort.o [1]
dp_GetCmd               0x00c9a4   0xca  Code  Gb  DebugPort.o [1]
dp_Init                 0x00c54d   0xfc  Code  Gb  DebugPort.o [1]
dp_RxIRQHandler         0x00de32   0x31  Code  Gb  DebugPort.o [1]
dp_Tx                   0x00ca6e   0xca  Code  Gb  DebugPort.o [1]
energest_current_mode   0x00035c    0xc  Data  Gb  energest.o [1]
energest_current_time   0x000344   0x18  Data  Gb  energest.o [1]
energest_total_count    0x000391    0x2  Data  Gb  energest.o [1]
energest_total_time     0x0002e4   0x30  Data  Gb  energest.o [1]
etimer_next_expiration_time
                        0x00e3a0    0xe  Code  Gb  etimer.o [1]
etimer_pending          0x00e268   0x18  Code  Gb  etimer.o [1]
etimer_process          0x00001d    0xd  Data  Gb  etimer.o [1]
etimer_request_poll     0x00e3e1    0xc  Code  Gb  etimer.o [1]
etimer_restart          0x00e0e5   0x1d  Code  Gb  etimer.o [1]
etimer_set              0x00df18   0x29  Code  Gb  etimer.o [1]
events                  0x000140   0xe0  Data  Lc  process.o [1]
exit                    0x00afc2    0x4  Code  Gb  exit.o [4]
exit_process            0x00b3c8  0x297  Code  Lc  process.o [1]
fevent                  0x00039a    0x1  Data  Lc  process.o [1]
key_IRQHandler          0x00e3ed    0xc  Code  Gb  Key.o [1]
key_Init                0x00e063   0x21  Code  Gb  Key.o [1]
lastevent               0x000398    0x1  Data  Lc  process.o [1]
log10                   0x00af59    0x6  Code  Gb  log10.o [4]
main                    0x00dcd7   0x40  Code  Gb  main.o [1]
memcpy                  0x00a851   0x31  Code  Gb  memcpy.o [4]
monitor_Init            0x00e35c   0x11  Code  Gb  Monitor.o [1]
monitor_ProcPCCmd       0x00e3f9    0xc  Code  Gb  Monitor.o [1]
monitor_process         0x00002a    0xd  Data  Gb  Monitor.o [1]
nevents                 0x000399    0x1  Data  Lc  process.o [1]
next_expiration         0x000393    0x2  Data  Lc  etimer.o [1]
next_rtimer             0x00038c    0x3  Data  Lc  rtimer.o [1]
pad                     0x00a610   0x4b  Code  Lc  xprintffull_nomb.o [4]
poll_requested          0x00039b    0x1  Data  Lc  process.o [1]
process_current         0x000380    0x3  Data  Gb  process.o [1]
process_init            0x00df41   0x29  Code  Gb  process.o [1]
process_is_running      0x00e236   0x19  Code  Gb  process.o [1]
process_list            0x00037d    0x3  Data  Gb  process.o [1]
process_poll            0x00da3f   0x5b  Code  Gb  process.o [1]
process_post            0x00d738   0x7b  Code  Gb  process.o [1]
process_post_synch      0x00dd56   0x3d  Code  Gb  process.o [1]
process_run             0x00dfda   0x23  Code  Gb  process.o [1]
process_start           0x00c649   0xe3  Code  Gb  process.o [1]
process_thread_demo_process
                        0x00c8d6   0xce  Code  Lc  Demo.o [1]
process_thread_etimer_process
                        0x00afd4  0x3f4  Code  Lc  etimer.o [1]
process_thread_monitor_process
                        0x00d592   0x93  Code  Lc  Monitor.o [1]
rfd_DMAIsRun            0x00e3ae    0xd  Code  Lc  DebugPort.o [1]
rfd_StartDMA            0x00d7b3   0x7a  Code  Lc  DebugPort.o [1]
rtimer_arch_init        0x00e084   0x21  Code  Gb  rtimer-arch.o [1]
rtimer_arch_now         0x00e193   0x1c  Code  Gb  rtimer-arch.o [1]
rtimer_arch_schedule    0x00e0a5   0x21  Code  Gb  rtimer-arch.o [1]
rtimer_init             0x00e43f    0x5  Code  Gb  rtimer.o [1]
rtimer_irq_handler      0x00dbfc   0x4b  Code  Gb  rtimer-arch.o [1]
rtimer_run_next         0x00d075   0xb2  Code  Gb  rtimer.o [1]
s_abyDbgBuf             0x000220   0x80  Data  Lc  Dbg.o [1]
s_abyPCCmdBuf           0x000314   0x30  Data  Lc  Monitor.o [1]
s_astPCCmd              0x00a9d2   0x1e  Data  Lc  Monitor.o [1]
s_bEnablePrint          0x000039    0x1  Data  Lc  Dbg.o [1]
s_bIsDMABusy            0x000397    0x1  Data  Lc  DebugPort.o [1]
s_connectionreset       0x00da9a   0x5a  Code  Gb  SHT1x.o [1]
s_measure               0x00ccc2   0xc4  Code  Gb  SHT1x.o [1]
s_read_byte             0x00c806   0xd0  Code  Lc  SHT1x.o [1]
s_softreset             0x00e24f   0x19  Code  Gb  SHT1x.o [1]
s_stDPCmdSet            0x0002a0   0x44  Data  Lc  DebugPort.o [1]
s_stDevID               0x000372    0x4  Data  Lc  Chip.o [1]
s_stRingBuf             0x00003a  0x106  Data  Lc  DebugPort.o [1]
s_transstart            0x00d89c   0x6f  Code  Lc  SHT1x.o [1]
s_write_byte            0x00cf0c   0xb6  Code  Lc  SHT1x.o [1]
scale                   0x00a573   0x51  Code  Lc  xprintffull_nomb.o [4]
second_countdown        0x000037    0x2  Data  Lc  clock.o [1]
sht1x_Init              0x00dd93   0x38  Code  Gb  SHT1x.o [1]
strcat                  0x00a6e0   0x39  Code  Gb  strcat.o [4]
strcmp                  0x00a719   0x37  Code  Gb  strcmp.o [4]
strcpy                  0x00a8d6   0x28  Code  Gb  strcpy.o [4]
strlen                  0x00aa48   0x1b  Code  Gb  strlen.o [4]
timer_expired           0x00dc47   0x4a  Code  Gb  timer.o [1]
timer_restart           0x00e0c6   0x1f  Code  Gb  timer.o [1]
timer_set               0x00dc91   0x46  Code  Gb  timer.o [1]
timerlist               0x00037a    0x3  Data  Lc  etimer.o [1]
update_time             0x00be37  0x143  Code  Lc  etimer.o [1]
util_Delay              0x00e42e    0x7  Code  Gb  Util.o [1]
util_DelayMs            0x00dd17   0x3f  Code  Gb  Util.o [1]
util_GetRoomCBuf        0x00d90b   0x69  Code  Gb  Util.o [1]
vsnprintf               0x00a308   0x7d  Code  Gb  vsnprint.o [4]
wdg_Feed                0x00e458    0x5  Code  Gb  Wdg.o [1]
wdg_InitAndEnable       0x00e21b   0x1b  Code  Gb  Wdg.o [1]


[1] = F:\git\stm8L_ContikiDemo\Project\IAR\Debug\Obj
[2] = command line
[3] = dbgstm8mld.a
[4] = dlstm8mln.a

  24 933 bytes of readonly  code memory
     785 bytes of readonly  data memory
   1 182 bytes of readwrite data memory

Errors: none
Warnings: none
